
[TestGenerate/with_file - 1]
apiVersion: kustomize.config.k8s.io/v1beta1
kind: Kustomization
resources: []

---

[TestGenerate/with_force_overwrite - 1]
apiVersion: kustomize.config.k8s.io/v1beta1
kind: Kustomization
resources: []

---

[TestGenerate/without_file - 1]
apiVersion: kustomize.config.k8s.io/v1beta1
kind: Kustomization
resources: []

---
