
[TestInitCmd_Help - 1]
Initialize a new project.

Usage:
  init [flags]

Flags:
  -d, --distribution string       Configure Distribution
  -h, --help                      help for init
  -s, --source-directory string   Configure SourceDirectory

---

[TestInitCmd_Execute - 1]
✔ project initialized successfully
► Cluster name: ksail-default
► Source directory: k8s

---
