
[TestExecuteShowsHelp - 1]
                    __ ______     _ __
                   / //_/ __/__ _(_) /
                  / ,< _\ \/ _ `/ / /
                 /_/|_/___/\_,_/_/_/
                                   . . .
              __/___                 :
        _____/______|             ___|____     |"\/"|
_______/_____\_______\_____     ,'        `.    \  /
\   -----       -\-\-\-    |    |  ^        \___/  |
~^~^~^~^~^~^~^~^~^~^~^~^~^~^~^~^~^~^~^~^~^~^~^~^~^~^~

KSail helps you easily create, manage, and test local Kubernetes clusters and workloads from one simple command line tool.

Usage:
  ksail [flags]
  ksail [command]

Available Commands:
  cluster     Manage cluster lifecycle
  completion  Generate the autocompletion script for the specified shell
  help        Help about any command
  init        Initialize a new project
  workload    Manage workload operations

Flags:
  -h, --help      help for ksail
  -v, --version   version for ksail

Use "ksail [command] --help" for more information about a command.

---

[TestExecuteShowsVersion - 1]
ksail version 1.2.3 (Built on 2025-08-17 from Git SHA abc123)

---
