
[TestClusterCommandRunEDisplaysHelp - 1]
Manage lifecycle operations for local Kubernetes clusters, including provisioning, teardown, and status.

Usage:
  cluster [flags]
  cluster [command]

Available Commands:
  completion  Generate the autocompletion script for the specified shell
  connect     Connect to cluster with k9s
  create      Create a cluster
  delete      Destroy a cluster
  help        Help about any command
  info        Display cluster information
  list        List clusters
  start       Start a stopped cluster
  stop        Stop a running cluster

Flags:
  -h, --help   help for cluster

Use "cluster [command] --help" for more information about a command.

---
