
[TestHandleListRunE/success_displays_clusters - 1]
alpha

---

[TestNewListCmd_RunESuccess - 1]
kind-mgmt

---
