[TestHandleStopRunE/success - 1]
⏳ Load config...
► loading ksail config
► using default config
✔ config loaded [*]
✔ cluster stopped [*]

---
