[TestHandleUpRunE/success - 1]
⏳ Load config...
► loading ksail config
► using default config
✔ config loaded [stage: *]
🚀 Create cluster...
► creating cluster
✔ cluster created [stage: *|total: *]

---
