
[TestGenerate/with_file - 1]
apiVersion: kind.x-k8s.io/v1alpha4
kind: Cluster
networking: {}

---

[TestGenerate/with_force_overwrite - 1]
apiVersion: kind.x-k8s.io/v1alpha4
kind: Cluster
networking: {}

---

[TestGenerate/without_file - 1]
apiVersion: kind.x-k8s.io/v1alpha4
kind: Cluster
networking: {}

---
